Note that running a local entrypoint in detached mode only keeps the last triggered Modal function alive after the parent process has been killed or disconnected.
✓ Initialized. View run at 
https://modal.com/apps/ayanpthan768/main/ap-OpRsljS6pCUprdmEcNdhze
✓ Created objects.
├── 🔨 Created mount D:\ML 
│   Project\hackathon\amazon-ml-er\modal_app\stage_features.py
├── 🔨 Created mount D:\ML Project\hackathon\amazon-ml-er\modal_app\common.py
├── 🔨 Created mount D:\ML Project\hackathon\amazon-ml-er\src
└── 🔨 Created function features.
cosines done 1033 s
context done 1181 s
fuzz done 1312 s
tokens done 1501 s
{
 "split": "train",
 "cands_tag": "v1",
 "tag": "v1_dense",
 "folds": "0,1,2,3",
 "timing": {
  "cosines": 1032.5768065452576,
  "context": 1180.9643921852112,
  "fuzz": 1312.0601482391357,
  "tokens": 1501.4177930355072,
  "total": 1974.8686435222626
 },
 "n_pairs_all": 247730992,
 "prune": {
  "rev": 8,
  "combo": 10,
  "name": 5,
  "cat": 5,
  "addr": 5
 },
 "n_pairs_pruned": 95190660,
 "dropped_s1": 410795,
 "n_pairs_after_drop": 77459513,
 "embeddings": "potion-multilingual-128M",
 "n_pairs": 38039042,
 "pos_rate": 0.07940536462511333,
 "n_pos": 3020504,
 "n_cols": 91,
 "columns": [
  "q",
  "t",
  "s_name",
  "r_name",
  "s_cat",
  "r_cat",
  "s_addr",
  "r_addr",
  "s_combo",
  "r_combo",
  "s_rev",
  "r_rev",
  "c_name",
  "c_cat",
  "c_nword",
  "c_addr",
  "c_combo",
  "e_name",
  "e_addr",
  "e_full",
  "c_combo_qrank",
  "c_combo_qgap",
  "c_combo_trank",
  "c_combo_tgap",
  "c_name_qrank",
  "c_name_qgap",
  "c_name_trank",
  "c_name_tgap",
  "c_addr_qrank",
  "c_addr_qgap",
  "c_addr_trank",
  "c_addr_tgap",
  "e_full_qrank",
  "e_full_qgap",
  "e_full_trank",
  "e_full_tgap",
  "q_ncand",
  "t_nq",
  "c_combo_tmargin",
  "c_name_tmargin",
  "c_addr_tmargin",
  "e_full_tmargin",
  "fold",
  "n_ratio",
  "n_tsort",
  "n_tset",
  "n_partial",
  "n_wratio",
  "n_jw",
  "n_cat_ratio",
  "n_cat_partial",
  "n_cat_lev",
  "a_ratio",
  "a_tsort",
  "a_tset",
  "a_partial",
  "n_jacc",
  "n_idf_jacc",
  "n_idf_cov_q",
  "n_idf_cov_t",
  "n_max_shared_idf",
  "n_core_jacc",
  "n_core_eq",
  "n_first_tok_eq",
  "n_initials",
  "n_phon_jacc",
  "n_alias_core_jacc",
  "n_len_q",
  "n_len_t",
  "n_core_missing",
  "n_core_extra",
  "n_trunc_prefix",
  "a_num_jacc",
  "a_first_num_eq",
  "a_num_shared",
  "a_q_num_missing",
  "a_bignum_jacc",
  "a_idf_jacc",
  "a_idf_cov_t",
  "a_max_shared_idf",
  "a_t_empty",
  "t_src",
  "t_nm_scr",
  "t_ad_scr",
  "t_has_dom",
  "t_has_alias",
  "q_nm_freq_s1",
  "t_nm_freq_s1",
  "t_nm_freq_t",
  "n_dom_prefix_cov",
  "y"
 ]
}
[modal-client] 2026-09-25T00:40:05+0000 Detected 1 background thread(s) [ExecutorManagerThread] still running after container exit. This will prevent runner shutdown for up to 30 seconds.
Runner terminated.
✓ App completed. View run at 
https://modal.com/apps/ayanpthan768/main/ap-OpRsljS6pCUprdmEcNdhze
