Note that running a local entrypoint in detached mode only keeps the last triggered Modal function alive after the parent process has been killed or disconnected.
✓ Initialized. View run at 
https://modal.com/apps/ayanpthan768/main/ap-R5Ot6tBzf3i40F4VTfRWx9
✓ Created objects.
├── 🔨 Created mount D:\ML 
│   Project\hackathon\amazon-ml-er\modal_app\stage_train.py
├── 🔨 Created mount D:\ML Project\hackathon\amazon-ml-er\modal_app\common.py
├── 🔨 Created mount D:\ML Project\hackathon\amazon-ml-er\src
├── 🔨 Created function train.
├── 🔨 Created function train_cv.
├── 🔨 Created function train_loco.
└── 🔨 Created function evaluate_models.
{
 "tag": "in2us_pseudo",
 "train_country": "India",
 "target_country": "US",
 "country_norm": false,
 "pseudo": true,
 "iter0": 422,
 "source_only": {
  "rules": {
   "thr_0.5_excl": 0.96889,
   "thr_0.6_excl": 0.97172,
   "thr_0.7_excl": 0.97313,
   "thr_0.8_excl": 0.9739,
   "thr_0.85_excl": 0.97351,
   "thr_0.9_excl": 0.97211,
   "thr_0.95_excl": 0.96849
  },
  "best": [
   "thr_0.8_excl",
   0.9739
  ],
  "reliability": [
   [
    0.2,
    0.3,
    8700,
    0.2467,
    0.2363
   ],
   [
    0.3,
    0.4,
    6131,
    0.3479,
    0.2959
   ],
   [
    0.4,
    0.5,
    4945,
    0.4482,
    0.3644
   ],
   [
    0.5,
    0.6,
    4203,
    0.5492,
    0.4435
   ],
   [
    0.6,
    0.7,
    3888,
    0.6492,
    0.5486
   ],
   [
    0.7,
    0.8,
    4359,
    0.7517,
    0.6444
   ],
   [
    0.8,
    0.9,
    6555,
    0.8557,
    0.8044
   ],
   [
    0.9,
    0.95,
    7195,
    0.9285,
    0.8978
   ],
   [
    0.95,
    0.98,
    11585,
    0.9678,
    0.9487
   ]
  ]
 },
 "pseudo_n": 16723730,
 "pseudo_pos": 1293099,
 "pseudo_label_precision_pos": 0.9932982702793831,
 "pseudo_label_acc_neg": 0.9991476045276437,
 "iter1": 406,
 "self_trained": {
  "rules": {
   "thr_0.5_excl": 0.97413,
   "thr_0.6_excl": 0.9751,
   "thr_0.7_excl": 0.97572,
   "thr_0.8_excl": 0.976,
   "thr_0.85_excl": 0.97604,
   "thr_0.9_excl": 0.97606,
   "thr_0.95_excl": 0.97539
  },
  "best": [
   "thr_0.9_excl",
   0.97606
  ],
  "reliability": [
   [
    0.2,
    0.3,
    3053,
    0.2463,
    0.3636
   ],
   [
    0.3,
    0.4,
    2344,
    0.3488,
    0.4108
   ],
   [
    0.4,
    0.5,
    1904,
    0.4503,
    0.4664
   ],
   [
    0.5,
    0.6,
    1869,
    0.5495,
    0.5185
   ],
   [
    0.6,
    0.7,
    1708,
    0.6503,
    0.5749
   ],
   [
    0.7,
    0.8,
    1954,
    0.7522,
    0.6433
   ],
   [
    0.8,
    0.9,
    2706,
    0.8545,
    0.7173
   ],
   [
    0.9,
    0.95,
    2863,
    0.928,
    0.7957
   ],
   [
    0.95,
    0.98,
    4270,
    0.9678,
    0.8581
   ]
  ]
 },
 "t": 549.7217564582825
}
❕ Connection lost!
The detached App will keep running. You can track its progress on the 
Dashboard: https://modal.com/apps/ayanpthan768/main/ap-R5Ot6tBzf3i40F4VTfRWx9

Stream App logs:
modal app logs ap-R5Ot6tBzf3i40F4VTfRWx9

Stop the App:
modal app stop ap-R5Ot6tBzf3i40F4VTfRWx9
modal : Task exception was never retrieved
At line:1 char:386
+ ... NG="utf-8"; modal run --detach modal_app/stage_train.py::loco --tag i ...
+                 ~~~~~~~~~~~~~~~~~~~~~~~~~~~~~~~~~~~~~~~~~~~~~~~~~~~~~~~~~
    + CategoryInfo          : NotSpecified: (Task exception was never retrieved:String) [], RemoteException
    + FullyQualifiedErrorId : NativeCommandError
 
future: <Task finished name='Task-12' coro=<get_app_logs_loop() done, defined at 
C:\Users\ayanp\AppData\Local\Programs\Python\Python39\lib\site-packages\modal\_output.py:542> 
exception=ConnectionAbortedError('SSL handshake is taking longer than 60.0 seconds: aborting the connection')>
Traceback (most recent call last):
  File "C:\Users\ayanp\AppData\Local\Programs\Python\Python39\lib\site-packages\modal\_output.py", line 646, in 
get_app_logs_loop
    await _get_logs()
  File "C:\Users\ayanp\AppData\Local\Programs\Python\Python39\lib\site-packages\modal\_output.py", line 606, in 
_get_logs
    async for log_batch in client.stub.AppGetLogs.unary_stream(request):
  File "C:\Users\ayanp\AppData\Local\Programs\Python\Python39\lib\site-packages\modal\_grpc_client.py", line 170, in 
unary_stream
    async for response in self.client._call_stream(self.wrapped_method, request, metadata=metadata):
  File "C:\Users\ayanp\AppData\Local\Programs\Python\Python39\lib\site-packages\modal\client.py", line 342, in 
_call_stream
    await self._call_safely(stream.send_message(request, end=True), f"{grpclib_method.name}.send_message")
  File "C:\Users\ayanp\AppData\Local\Programs\Python\Python39\lib\site-packages\modal\client.py", line 290, in 
_call_safely
    return await request_task
  File "C:\Users\ayanp\AppData\Local\Programs\Python\Python39\lib\site-packages\grpclib\client.py", line 242, in 
send_message
    await self.send_request()
  File "C:\Users\ayanp\AppData\Local\Programs\Python\Python39\lib\site-packages\grpclib\client.py", line 174, in 
send_request
    protocol = await self._channel.__connect__()
  File "C:\Users\ayanp\AppData\Local\Programs\Python\Python39\lib\site-packages\grpclib\client.py", line 748, in 
__connect__
    self._protocol = await self._create_connection()
  File "C:\Users\ayanp\AppData\Local\Programs\Python\Python39\lib\site-packages\grpclib\client.py", line 725, in 
_create_connection
    _, protocol = await self._loop.create_connection(
  File "C:\Users\ayanp\AppData\Local\Programs\Python\Python39\lib\asyncio\base_events.py", line 1090, in 
create_connection
    transport, protocol = await self._create_connection_transport(
  File "C:\Users\ayanp\AppData\Local\Programs\Python\Python39\lib\asyncio\base_events.py", line 1120, in 
_create_connection_transport
    await waiter
ConnectionAbortedError: SSL handshake is taking longer than 60.0 seconds: aborting the connection
