Note that running a local entrypoint in detached mode only keeps the last triggered Modal function alive after the parent process has been killed or disconnected.
✓ Initialized. View run at 
https://modal.com/apps/ayanpthan768/main/ap-O3aBV7j5j9LO2ttjM6MaPn
✓ Created objects.
├── 🔨 Created mount D:\ML 
│   Project\hackathon\amazon-ml-er\modal_app\stage_train.py
├── 🔨 Created mount D:\ML Project\hackathon\amazon-ml-er\modal_app\common.py
├── 🔨 Created mount D:\ML Project\hackathon\amazon-ml-er\src
├── 🔨 Created function train.
└── 🔨 Created function train_cv.
fold 1 done 355s
fold 2 done 669s
fold 3 done 982s
{
 "tag": "cv_v1",
 "feat_tag": "v1",
 "params": {
  "objective": "binary",
  "learning_rate": 0.08,
  "num_leaves": 255,
  "min_data_in_leaf": 400,
  "feature_fraction": 0.7,
  "bagging_fraction": 0.7,
  "bagging_freq": 1,
  "lambda_l2": 1.0,
  "max_bin": 127,
  "num_threads": 32,
  "verbose": -1,
  "seed": 42,
  "deterministic": true,
  "force_row_wise": true
 },
 "n_features": 87,
 "cv_folds": [
  1,
  2,
  3
 ],
 "val_folds": [
  0
 ],
 "rounds": 855,
 "t_models": 982.1464996337891,
 "val_reliability": [
  [
   0,
   0.02,
   8653442,
   0.0001,
   0.0001
  ],
  [
   0.02,
   0.05,
   30441,
   0.0322,
   0.0385
  ],
  [
   0.05,
   0.1,
   18497,
   0.0713,
   0.0888
  ],
  [
   0.1,
   0.2,
   16454,
   0.1437,
   0.1656
  ],
  [
   0.2,
   0.3,
   9414,
   0.2467,
   0.2548
  ],
  [
   0.3,
   0.4,
   6442,
   0.3478,
   0.367
  ],
  [
   0.4,
   0.5,
   5256,
   0.4478,
   0.4427
  ],
  [
   0.5,
   0.6,
   3984,
   0.5469,
   0.5178
  ],
  [
   0.6,
   0.7,
   3236,
   0.6499,
   0.6425
  ],
  [
   0.7,
   0.8,
   3648,
   0.7531,
   0.756
  ],
  [
   0.8,
   0.9,
   6527,
   0.8571,
   0.8655
  ],
  [
   0.9,
   0.95,
   8113,
   0.9288,
   0.9366
  ],
  [
   0.95,
   0.98,
   13958,
   0.968,
   0.9726
  ],
  [
   0.98,
   1.0,
   709153,
   0.9992,
   0.9994
  ]
 ],
 "oof_reliability": [
  [
   0,
   0.02,
   26056015,
   0.0001,
   0.0001
  ],
  [
   0.02,
   0.05,
   88298,
   0.0322,
   0.0439
  ],
  [
   0.05,
   0.1,
   54808,
   0.0715,
   0.0937
  ],
  [
   0.1,
   0.2,
   48436,
   0.1438,
   0.1719
  ],
  [
   0.2,
   0.3,
   26732,
   0.2467,
   0.2676
  ],
  [
   0.3,
   0.4,
   18856,
   0.3477,
   0.3532
  ],
  [
   0.4,
   0.5,
   14667,
   0.4484,
   0.4388
  ],
  [
   0.5,
   0.6,
   11926,
   0.5481,
   0.5132
  ],
  [
   0.6,
   0.7,
   10178,
   0.65,
   0.6195
  ],
  [
   0.7,
   0.8,
   11205,
   0.7525,
   0.7364
  ],
  [
   0.8,
   0.9,
   19318,
   0.857,
   0.8557
  ],
  [
   0.9,
   0.95,
   23246,
   0.9289,
   0.9288
  ],
  [
   0.95,
   0.98,
   39788,
   0.968,
   0.9669
  ],
  [
   0.98,
   1.0,
   2127004,
   0.9993,
   0.9994
  ]
 ],
 "pi_val_logloss": 0.012045086529514543,
 "pi_val_singleton_rate_true": 0.055495936063755136,
 "pi_val_singleton_rate_pred": 0.05699925286965972,
 "val_blocking_pair_recall": 0.9882820821456624,
 "extra_miss_mean": 0.04059860988476081,
 "rules": {
  "thr_0.3": 0.97765,
  "thr_0.3_excl": 0.97798,
  "thr_0.4": 0.98103,
  "thr_0.4_excl": 0.98119,
  "thr_0.5": 0.98323,
  "thr_0.5_excl": 0.98331,
  "thr_0.6": 0.9845,
  "thr_0.6_excl": 0.98453,
  "thr_0.7": 0.98491,
  "thr_0.7_excl": 0.98492,
  "thr_0.8": 0.98466,
  "thr_0.8_excl": 0.98467,
  "expF_m0.000": 0.98453,
  "expF_excl_m0.000": 0.98457,
  "pi_m0.000": 0.98462,
  "pi_excl_m0.000": 0.98466,
  "expF_m0.041": 0.9845,
  "expF_excl_m0.041": 0.98455,
  "pi_m0.041": 0.98463,
  "pi_excl_m0.041": 0.98466,
  "ORACLE_given_candidates": 0.99645
 },
 "best_rule": [
  "thr_0.7_excl",
  0.98492
 ],
 "best_by_country": {
  "India": [
   0.9849,
   88620
  ],
  "US": [
   0.98493,
   132225
  ]
 },
 "best_by_ntrue": {
  "6": [
   0.9899,
   16492
  ],
  "0": [
   0.97993,
   12256
  ],
  "3": [
   0.98633,
   52923
  ],
  "4": [
   0.98861,
   48679
  ],
  "1": [
   0.95435,
   11880
  ],
  "7": [
   0.99008,
   8710
  ],
  "2": [
   0.98239,
   37547
  ],
  "5": [
   0.98917,
   32358
  ]
 },
 "best_bootstrap_se": 0.00016172249539444066,
 "best_pair_precision": 0.9958914124315122,
 "best_pair_recall": 0.9649416521924373,
 "t_total": 1042.7101714611053
}
✓ App completed. View run at 
https://modal.com/apps/ayanpthan768/main/ap-O3aBV7j5j9LO2ttjM6MaPn
