Note that running a local entrypoint in detached mode only keeps the last triggered Modal function alive after the parent process has been killed or disconnected.
✓ Initialized. View run at 
https://modal.com/apps/ayanpthan768/main/ap-uPUEvmfObqf8VsTowXfWu5
✓ Created objects.
├── 🔨 Created mount D:\ML 
│   Project\hackathon\amazon-ml-er\modal_app\stage_train.py
├── 🔨 Created mount D:\ML Project\hackathon\amazon-ml-er\modal_app\common.py
├── 🔨 Created mount D:\ML Project\hackathon\amazon-ml-er\src
├── 🔨 Created function train.
└── 🔨 Created function train_cv.
[200]   es's binary_logloss: 0.00610951
[400]   es's binary_logloss: 0.00581873
[600]   es's binary_logloss: 0.00573654
[800]   es's binary_logloss: 0.00571985
{
 "tag": "lgb_v1",
 "feat_tag": "v1",
 "params": {
  "objective": "binary",
  "learning_rate": 0.08,
  "num_leaves": 255,
  "min_data_in_leaf": 400,
  "feature_fraction": 0.7,
  "bagging_fraction": 0.7,
  "bagging_freq": 1,
  "lambda_l2": 1.0,
  "max_bin": 127,
  "num_threads": 32,
  "verbose": -1,
  "seed": 42,
  "deterministic": true,
  "force_row_wise": true
 },
 "n_features": 87,
 "n_train": 19012488,
 "n_es": 9537989,
 "n_val": 9488565,
 "train_countries": null,
 "val_countries": null,
 "best_iteration": 777,
 "es_logloss": 0.005718586850868649,
 "t_train": 314.76807260513306,
 "val_blocking_pair_recall": 0.9882820821456624,
 "extra_miss_mean": 0.04059860988476081,
 "rules": {
  "thr_0.2": 0.97062,
  "thr_0.2_excl": 0.97141,
  "thr_0.3": 0.97676,
  "thr_0.3_excl": 0.97714,
  "thr_0.4": 0.9802,
  "thr_0.4_excl": 0.98038,
  "thr_0.5": 0.98258,
  "thr_0.5_excl": 0.98266,
  "thr_0.6": 0.98394,
  "thr_0.6_excl": 0.98398,
  "thr_0.7": 0.98454,
  "thr_0.7_excl": 0.98456,
  "thr_0.8": 0.98449,
  "thr_0.8_excl": 0.9845,
  "thr_0.9": 0.9829,
  "thr_0.9_excl": 0.98291,
  "expF_miss0.000": 0.98413,
  "expF_excl_miss0.000": 0.98415,
  "expF_miss0.041": 0.98411,
  "expF_excl_miss0.041": 0.98413,
  "B0_core_name_equal": 0.42236,
  "B1_core_equal_and_best_for_target": 0.71376,
  "B2_combo>=0.5_best_for_target": 0.7359,
  "B2_combo>=0.6_best_for_target": 0.75146,
  "B2_combo>=0.7_best_for_target": 0.76697,
  "B2_combo>=0.8_best_for_target": 0.76659
 },
 "best_rule": [
  "thr_0.7_excl",
  0.98456
 ],
 "by_country": {
  "India": {
   "thr_0.5_excl": 0.98229,
   "expF_excl": 0.98393
  },
  "US": {
   "thr_0.5_excl": 0.9829,
   "expF_excl": 0.98426
  }
 },
 "t_total": 378.4381911754608,
 "top_importance": [
  [
   "c_combo_tmargin",
   19612016.719816685
  ],
  [
   "c_combo_trank",
   11619717.57066536
  ],
  [
   "r_rev",
   5468514.187031388
  ],
  [
   "a_q_num_missing",
   2314168.6018083096
  ],
  [
   "c_combo_tgap",
   1861983.74499619
  ],
  [
   "n_idf_cov_t",
   962152.5681787729
  ],
  [
   "a_num_jacc",
   655645.147085309
  ],
  [
   "a_tset",
   617599.2460564375
  ],
  [
   "n_tsort",
   479021.73766052723
  ],
  [
   "a_first_num_eq",
   350140.749571681
  ],
  [
   "n_len_t",
   269697.3784211874
  ],
  [
   "e_full_tmargin",
   264009.6993281841
  ],
  [
   "n_cat_partial",
   210591.69679653645
  ],
  [
   "c_nword",
   195261.55324411392
  ],
  [
   "n_cat_lev",
   172728.9804826975
  ],
  [
   "n_jacc",
   153317.59050893784
  ],
  [
   "n_idf_cov_q",
   147191.84753155708
  ],
  [
   "n_jw",
   109403.66351759434
  ],
  [
   "a_bignum_jacc",
   93980.75080573559
  ],
  [
   "a_tsort",
   90082.71701991558
  ],
  [
   "c_combo_qrank",
   77360.51299750805
  ],
  [
   "n_idf_jacc",
   75964.28585016727
  ],
  [
   "a_num_shared",
   70739.38928639889
  ],
  [
   "n_first_tok_eq",
   67165.4011900425
  ],
  [
   "e_name",
   66351.98789358139
  ],
  [
   "a_idf_cov_t",
   65692.42905414104
  ],
  [
   "n_partial",
   65378.15698432922
  ],
  [
   "q_nm_freq_s1",
   65338.61855572462
  ],
  [
   "c_name",
   64633.677557349205
  ],
  [
   "n_max_shared_idf",
   63819.50391244888
  ]
 ]
}
✓ App completed. View run at 
https://modal.com/apps/ayanpthan768/main/ap-uPUEvmfObqf8VsTowXfWu5
